// Jest Snapshot v1, https://goo.gl/fbAQLP

exports[`SearchForm renders correctly 1`] = `
<DocumentFragment>
  <form
    class="search-form"
  >
    <input
      placeholder="Search UK city"
      type="text"
      value="Manchester"
    />
    <button
      type="submit"
    >
      Search
    </button>
  </form>
</DocumentFragment>
`;
